[0.071s] DEBUG:colcon:Command line arguments: ['/usr/bin/colcon', 'list', '-p', '--base-paths', '/home/khaled/tb4_ws/src']
[0.071s] DEBUG:colcon:Parsed command line arguments: Namespace(log_base=None, log_level=None, verb_name='list', build_base='build', ignore_user_meta=False, metas=['./colcon.meta'], base_paths=['/home/khaled/tb4_ws/src'], packages_ignore=None, packages_ignore_regex=None, paths=None, packages_up_to=None, packages_up_to_regex=None, packages_above=None, packages_above_and_dependencies=None, packages_above_depth=None, packages_select_by_dep=None, packages_skip_by_dep=None, packages_skip_up_to=None, packages_select_build_failed=False, packages_skip_build_finished=False, packages_select_test_failures=False, packages_skip_test_passed=False, packages_select=None, packages_skip=None, packages_select_regex=None, packages_skip_regex=None, packages_start=None, packages_end=None, allow_overriding=[], topological_order=False, names_only=False, paths_only=True, topological_graph=False, topological_graph_dot=False, topological_graph_density=False, topological_graph_legend=False, topological_graph_dot_cluster=False, topological_graph_dot_include_skipped=False, mixin_files=None, mixin=None, verb_parser=<colcon_mixin.mixin.mixin_argument.MixinArgumentDecorator object at 0x7f10681e6b10>, verb_extension=<colcon_package_information.verb.list.ListVerb object at 0x7f1068105e20>, main=<bound method ListVerb.main of <colcon_package_information.verb.list.ListVerb object at 0x7f1068105e20>>, mixin_verb=('list',))
[0.094s] Level 1:colcon.colcon_core.package_discovery:discover_packages(colcon_meta) check parameters
[0.095s] Level 1:colcon.colcon_core.package_discovery:discover_packages(recursive) check parameters
[0.095s] Level 1:colcon.colcon_core.package_discovery:discover_packages(ignore) check parameters
[0.095s] Level 1:colcon.colcon_core.package_discovery:discover_packages(path) check parameters
[0.095s] Level 1:colcon.colcon_core.package_discovery:discover_packages(recursive) discover
[0.095s] INFO:colcon.colcon_core.package_discovery:Crawling recursively for packages in '/home/khaled/tb4_ws/src'
[0.095s] Level 1:colcon.colcon_core.package_identification:_identify(/home/khaled/tb4_ws/src) by extensions ['ignore', 'ignore_ament_install']
[0.095s] Level 1:colcon.colcon_core.package_identification:_identify(/home/khaled/tb4_ws/src) by extension 'ignore'
[0.095s] Level 1:colcon.colcon_core.package_identification:_identify(/home/khaled/tb4_ws/src) by extension 'ignore_ament_install'
[0.095s] Level 1:colcon.colcon_core.package_identification:_identify(/home/khaled/tb4_ws/src) by extensions ['colcon_pkg']
[0.095s] Level 1:colcon.colcon_core.package_identification:_identify(/home/khaled/tb4_ws/src) by extension 'colcon_pkg'
[0.095s] Level 1:colcon.colcon_core.package_identification:_identify(/home/khaled/tb4_ws/src) by extensions ['colcon_meta']
[0.095s] Level 1:colcon.colcon_core.package_identification:_identify(/home/khaled/tb4_ws/src) by extension 'colcon_meta'
[0.095s] Level 1:colcon.colcon_core.package_identification:_identify(/home/khaled/tb4_ws/src) by extensions ['ros']
[0.095s] Level 1:colcon.colcon_core.package_identification:_identify(/home/khaled/tb4_ws/src) by extension 'ros'
[0.115s] Level 1:colcon.colcon_core.package_identification:_identify(/home/khaled/tb4_ws/src) by extensions ['cmake', 'python']
[0.115s] Level 1:colcon.colcon_core.package_identification:_identify(/home/khaled/tb4_ws/src) by extension 'cmake'
[0.115s] Level 1:colcon.colcon_core.package_identification:_identify(/home/khaled/tb4_ws/src) by extension 'python'
[0.115s] Level 1:colcon.colcon_core.package_identification:_identify(/home/khaled/tb4_ws/src) by extensions ['python_setup_py']
[0.115s] Level 1:colcon.colcon_core.package_identification:_identify(/home/khaled/tb4_ws/src) by extension 'python_setup_py'
[0.116s] Level 1:colcon.colcon_core.package_identification:_identify(/home/khaled/tb4_ws/src/log) by extensions ['ignore', 'ignore_ament_install']
[0.116s] Level 1:colcon.colcon_core.package_identification:_identify(/home/khaled/tb4_ws/src/log) by extension 'ignore'
[0.116s] Level 1:colcon.colcon_core.package_identification:_identify(/home/khaled/tb4_ws/src/log) ignored
[0.116s] Level 1:colcon.colcon_core.package_identification:_identify(/home/khaled/tb4_ws/src/turtlebot4_simulator) by extensions ['ignore', 'ignore_ament_install']
[0.116s] Level 1:colcon.colcon_core.package_identification:_identify(/home/khaled/tb4_ws/src/turtlebot4_simulator) by extension 'ignore'
[0.116s] Level 1:colcon.colcon_core.package_identification:_identify(/home/khaled/tb4_ws/src/turtlebot4_simulator) by extension 'ignore_ament_install'
[0.116s] Level 1:colcon.colcon_core.package_identification:_identify(/home/khaled/tb4_ws/src/turtlebot4_simulator) by extensions ['colcon_pkg']
[0.116s] Level 1:colcon.colcon_core.package_identification:_identify(/home/khaled/tb4_ws/src/turtlebot4_simulator) by extension 'colcon_pkg'
[0.116s] Level 1:colcon.colcon_core.package_identification:_identify(/home/khaled/tb4_ws/src/turtlebot4_simulator) by extensions ['colcon_meta']
[0.116s] Level 1:colcon.colcon_core.package_identification:_identify(/home/khaled/tb4_ws/src/turtlebot4_simulator) by extension 'colcon_meta'
[0.116s] Level 1:colcon.colcon_core.package_identification:_identify(/home/khaled/tb4_ws/src/turtlebot4_simulator) by extensions ['ros']
[0.116s] Level 1:colcon.colcon_core.package_identification:_identify(/home/khaled/tb4_ws/src/turtlebot4_simulator) by extension 'ros'
[0.116s] Level 1:colcon.colcon_core.package_identification:_identify(/home/khaled/tb4_ws/src/turtlebot4_simulator) by extensions ['cmake', 'python']
[0.116s] Level 1:colcon.colcon_core.package_identification:_identify(/home/khaled/tb4_ws/src/turtlebot4_simulator) by extension 'cmake'
[0.116s] Level 1:colcon.colcon_core.package_identification:_identify(/home/khaled/tb4_ws/src/turtlebot4_simulator) by extension 'python'
[0.116s] Level 1:colcon.colcon_core.package_identification:_identify(/home/khaled/tb4_ws/src/turtlebot4_simulator) by extensions ['python_setup_py']
[0.116s] Level 1:colcon.colcon_core.package_identification:_identify(/home/khaled/tb4_ws/src/turtlebot4_simulator) by extension 'python_setup_py'
[0.116s] Level 1:colcon.colcon_core.package_identification:_identify(/home/khaled/tb4_ws/src/turtlebot4_simulator/turtlebot4_gz_bringup) by extensions ['ignore', 'ignore_ament_install']
[0.116s] Level 1:colcon.colcon_core.package_identification:_identify(/home/khaled/tb4_ws/src/turtlebot4_simulator/turtlebot4_gz_bringup) by extension 'ignore'
[0.116s] Level 1:colcon.colcon_core.package_identification:_identify(/home/khaled/tb4_ws/src/turtlebot4_simulator/turtlebot4_gz_bringup) by extension 'ignore_ament_install'
[0.116s] Level 1:colcon.colcon_core.package_identification:_identify(/home/khaled/tb4_ws/src/turtlebot4_simulator/turtlebot4_gz_bringup) by extensions ['colcon_pkg']
[0.116s] Level 1:colcon.colcon_core.package_identification:_identify(/home/khaled/tb4_ws/src/turtlebot4_simulator/turtlebot4_gz_bringup) by extension 'colcon_pkg'
[0.116s] Level 1:colcon.colcon_core.package_identification:_identify(/home/khaled/tb4_ws/src/turtlebot4_simulator/turtlebot4_gz_bringup) by extensions ['colcon_meta']
[0.116s] Level 1:colcon.colcon_core.package_identification:_identify(/home/khaled/tb4_ws/src/turtlebot4_simulator/turtlebot4_gz_bringup) by extension 'colcon_meta'
[0.116s] Level 1:colcon.colcon_core.package_identification:_identify(/home/khaled/tb4_ws/src/turtlebot4_simulator/turtlebot4_gz_bringup) by extensions ['ros']
[0.116s] Level 1:colcon.colcon_core.package_identification:_identify(/home/khaled/tb4_ws/src/turtlebot4_simulator/turtlebot4_gz_bringup) by extension 'ros'
[0.119s] DEBUG:colcon.colcon_core.package_identification:Package '/home/khaled/tb4_ws/src/turtlebot4_simulator/turtlebot4_gz_bringup' with type 'ros.ament_cmake' and name 'turtlebot4_gz_bringup'
[0.119s] Level 1:colcon.colcon_core.package_identification:_identify(/home/khaled/tb4_ws/src/turtlebot4_simulator/turtlebot4_gz_gui_plugins) by extensions ['ignore', 'ignore_ament_install']
[0.119s] Level 1:colcon.colcon_core.package_identification:_identify(/home/khaled/tb4_ws/src/turtlebot4_simulator/turtlebot4_gz_gui_plugins) by extension 'ignore'
[0.119s] Level 1:colcon.colcon_core.package_identification:_identify(/home/khaled/tb4_ws/src/turtlebot4_simulator/turtlebot4_gz_gui_plugins) by extension 'ignore_ament_install'
[0.120s] Level 1:colcon.colcon_core.package_identification:_identify(/home/khaled/tb4_ws/src/turtlebot4_simulator/turtlebot4_gz_gui_plugins) by extensions ['colcon_pkg']
[0.120s] Level 1:colcon.colcon_core.package_identification:_identify(/home/khaled/tb4_ws/src/turtlebot4_simulator/turtlebot4_gz_gui_plugins) by extension 'colcon_pkg'
[0.120s] Level 1:colcon.colcon_core.package_identification:_identify(/home/khaled/tb4_ws/src/turtlebot4_simulator/turtlebot4_gz_gui_plugins) by extensions ['colcon_meta']
[0.120s] Level 1:colcon.colcon_core.package_identification:_identify(/home/khaled/tb4_ws/src/turtlebot4_simulator/turtlebot4_gz_gui_plugins) by extension 'colcon_meta'
[0.120s] Level 1:colcon.colcon_core.package_identification:_identify(/home/khaled/tb4_ws/src/turtlebot4_simulator/turtlebot4_gz_gui_plugins) by extensions ['ros']
[0.120s] Level 1:colcon.colcon_core.package_identification:_identify(/home/khaled/tb4_ws/src/turtlebot4_simulator/turtlebot4_gz_gui_plugins) by extension 'ros'
[0.120s] DEBUG:colcon.colcon_core.package_identification:Package '/home/khaled/tb4_ws/src/turtlebot4_simulator/turtlebot4_gz_gui_plugins' with type 'ros.ament_cmake' and name 'turtlebot4_gz_gui_plugins'
[0.120s] Level 1:colcon.colcon_core.package_identification:_identify(/home/khaled/tb4_ws/src/turtlebot4_simulator/turtlebot4_gz_toolbox) by extensions ['ignore', 'ignore_ament_install']
[0.120s] Level 1:colcon.colcon_core.package_identification:_identify(/home/khaled/tb4_ws/src/turtlebot4_simulator/turtlebot4_gz_toolbox) by extension 'ignore'
[0.120s] Level 1:colcon.colcon_core.package_identification:_identify(/home/khaled/tb4_ws/src/turtlebot4_simulator/turtlebot4_gz_toolbox) by extension 'ignore_ament_install'
[0.120s] Level 1:colcon.colcon_core.package_identification:_identify(/home/khaled/tb4_ws/src/turtlebot4_simulator/turtlebot4_gz_toolbox) by extensions ['colcon_pkg']
[0.120s] Level 1:colcon.colcon_core.package_identification:_identify(/home/khaled/tb4_ws/src/turtlebot4_simulator/turtlebot4_gz_toolbox) by extension 'colcon_pkg'
[0.120s] Level 1:colcon.colcon_core.package_identification:_identify(/home/khaled/tb4_ws/src/turtlebot4_simulator/turtlebot4_gz_toolbox) by extensions ['colcon_meta']
[0.120s] Level 1:colcon.colcon_core.package_identification:_identify(/home/khaled/tb4_ws/src/turtlebot4_simulator/turtlebot4_gz_toolbox) by extension 'colcon_meta'
[0.120s] Level 1:colcon.colcon_core.package_identification:_identify(/home/khaled/tb4_ws/src/turtlebot4_simulator/turtlebot4_gz_toolbox) by extensions ['ros']
[0.120s] Level 1:colcon.colcon_core.package_identification:_identify(/home/khaled/tb4_ws/src/turtlebot4_simulator/turtlebot4_gz_toolbox) by extension 'ros'
[0.121s] DEBUG:colcon.colcon_core.package_identification:Package '/home/khaled/tb4_ws/src/turtlebot4_simulator/turtlebot4_gz_toolbox' with type 'ros.ament_cmake' and name 'turtlebot4_gz_toolbox'
[0.121s] Level 1:colcon.colcon_core.package_identification:_identify(/home/khaled/tb4_ws/src/turtlebot4_simulator/turtlebot4_simulator) by extensions ['ignore', 'ignore_ament_install']
[0.121s] Level 1:colcon.colcon_core.package_identification:_identify(/home/khaled/tb4_ws/src/turtlebot4_simulator/turtlebot4_simulator) by extension 'ignore'
[0.121s] Level 1:colcon.colcon_core.package_identification:_identify(/home/khaled/tb4_ws/src/turtlebot4_simulator/turtlebot4_simulator) by extension 'ignore_ament_install'
[0.121s] Level 1:colcon.colcon_core.package_identification:_identify(/home/khaled/tb4_ws/src/turtlebot4_simulator/turtlebot4_simulator) by extensions ['colcon_pkg']
[0.121s] Level 1:colcon.colcon_core.package_identification:_identify(/home/khaled/tb4_ws/src/turtlebot4_simulator/turtlebot4_simulator) by extension 'colcon_pkg'
[0.121s] Level 1:colcon.colcon_core.package_identification:_identify(/home/khaled/tb4_ws/src/turtlebot4_simulator/turtlebot4_simulator) by extensions ['colcon_meta']
[0.121s] Level 1:colcon.colcon_core.package_identification:_identify(/home/khaled/tb4_ws/src/turtlebot4_simulator/turtlebot4_simulator) by extension 'colcon_meta'
[0.121s] Level 1:colcon.colcon_core.package_identification:_identify(/home/khaled/tb4_ws/src/turtlebot4_simulator/turtlebot4_simulator) by extensions ['ros']
[0.121s] Level 1:colcon.colcon_core.package_identification:_identify(/home/khaled/tb4_ws/src/turtlebot4_simulator/turtlebot4_simulator) by extension 'ros'
[0.122s] DEBUG:colcon.colcon_core.package_identification:Package '/home/khaled/tb4_ws/src/turtlebot4_simulator/turtlebot4_simulator' with type 'ros.ament_cmake' and name 'turtlebot4_simulator'
[0.122s] Level 1:colcon.colcon_core.package_discovery:discover_packages(recursive) using defaults
